L.1: ....411...............838......721.....44..............................................607..................................................
	[411|True], [838|False], [721|True], [44|False], [607|True], 
L.2: ...&......519..................*..........#.97.........994..............404..............*...&43........440...882.......673.505.............
	[519|True], [97|True], [994|True], [404|True], [43|True], [440|True], [882|True], [673|True], [505|True], 
L.3: .....*......*...892.........971...%....131....*..........*.......515...$.......157.....412.............-.....*.............*............594.
	[892|True], [971|True], [131|True], [515|True], [157|True], [412|True], [594|False], 
L.4: ..856.495....13...-...............602..........36...$.985....341*.........88.....*.921....................122..................806..508.....
	[856|True], [495|True], [13|True], [602|True], [36|True], [985|True], [341|True], [88|True], [921|True], [122|True], [806|True], [508|False], 
L.5: ......................667.325*734.................718...............284..*....288..*....620.......854.............643....817....*...........
	[667|True], [325|True], [734|True], [718|True], [284|True], [288|True], [620|True], [854|True], [643|False], [817|False], 
L.6: ....*480..825..........*....................784.......&.............*...859........856.*..........*...........................137...........
	[480|True], [825|True], [784|True], [859|True], [856|True], [137|True], 
L.7: ............*..903*986.681....403.....451...*.....424..24.855....844....................826.......202....-.........542%..564......@.212*....
	[903|True], [986|True], [681|True], [403|True], [451|False], [424|True], [24|True], [855|True], [844|True], [826|True], [202|True], [542|True], [564|True], [212|True], 
L.8: ......735...70.............=.....*895.......575.....*......*.............490.........+.......114.......890....519...........*857.88.....761.
	[735|True], [70|True], [895|True], [575|True], [490|True], [114|True], [890|True], [519|False], [857|True], [88|True], [761|True], 
L.9: .......%..........#.#.....896.....................600.821@..565.............*390..664........@...292@..................%....................
	[896|True], [600|True], [821|True], [565|True], [390|True], [664|True], [292|True], 
L.10: ....$...........256..340.........851..............................476..................................210..............102.................
	[256|True], [340|True], [851|True], [476|False], [210|True], [102|True], 
L.11: ....758..........................*......=.............@................................273......911...#....@666...+193......................
	[758|True], [273|True], [911|True], [666|True], [193|True], 
L.12: .............604....483..&144.859......807...-.........995..-218.770............37.512.*.........*.........................215...........117
	[604|False], [483|True], [144|True], [859|True], [807|True], [995|True], [218|True], [770|False], [37|True], [512|True], [215|False], [117|True], 
L.13: ......354..........*...............$........849.*.................................*.....242....469.&764.........................959*128.$...
	[354|True], [849|True], [242|True], [469|True], [764|True], [959|True], [128|True], 
L.14: .........&........575..521#..30..812..89.........836....../..........116............385....................942$..739....*46.................
	[575|True], [521|True], [30|False], [812|True], [89|False], [836|True], [116|True], [385|True], [942|True], [739|True], [46|True], 
L.15: ..912*.......*845..........................................338..165.#....995.160......*....882.......421..........-..697.......619..........
	[912|True], [845|True], [338|True], [165|True], [995|False], [160|True], [882|True], [421|True], [697|True], [619|False], 
L.16: ......154..........................700...........................*....$.........*710..923....=.........*....................................
	[154|True], [700|True], [710|True], [923|True], 
L.17: ...................616..328........*......184..........227..401.635...264.=16....................-.....659....................613.....526...
	[616|True], [328|True], [184|True], [227|True], [401|True], [635|True], [264|True], [16|True], [659|True], [613|True], [526|True], 
L.18: .............33.......+.-........63..........#..........*..*.....................@............647..................352/.........*......*....
	[33|True], [63|True], [647|True], [352|True], 
L.19: ...107.......+............=318.................&862..210....588...703.........754.......151...................747.......260.....201..458....
	[107|True], [318|True], [862|True], [210|True], [588|True], [703|False], [754|True], [151|False], [747|True], [260|False], [201|True], [458|True], 
L.20: ...*..................................&671.........................................473......812..391.........&......249.....................
	[671|True], [473|False], [812|False], [391|True], [249|True], 
L.21: ....13...................709.21..876....................-..52.........965.527*814...................*...*63...........*...75.400.....*619...
	[13|True], [709|True], [21|True], [876|False], [52|True], [965|True], [527|True], [814|True], [63|True], [75|True], [400|True], [619|True], 
L.22: .............713.-...319*......$......................215.*.............*................@........407.67..............802.+.....*.466.......
	[713|True], [319|True], [215|True], [407|True], [67|True], [802|True], [466|True], 
L.23: .............*...230.............997......................80.526..3.811.541..753.........642......................212........119........+738
	[230|True], [997|True], [80|True], [526|True], [3|True], [811|True], [541|True], [753|True], [642|True], [212|True], [119|True], [738|True], 
L.24: ....197.....6......................=..618.....39.364.........+....*./........*................217*......443*703......*......................
	[197|True], [6|True], [618|True], [39|True], [364|True], [217|True], [443|True], [703|True], 
L.25: ......*.................240...........#......*....*............378............156.................763.............444....94...86......../273
	[240|True], [378|True], [156|True], [763|True], [444|True], [94|True], [86|True], [273|True], 
L.26: .....866..&.........273*..................970.....673.....&........*359.............*565..147.............238...........+....&..............
	[866|True], [273|True], [970|True], [673|True], [359|True], [565|True], [147|False], [238|True], 
L.27: .........690.761...........*985.......%...................691...587........../...663..................%....$......34................336.....
	[690|True], [761|True], [985|True], [691|True], [587|True], [663|True], [34|True], [336|False], 
L.28: .......#...../....951+...75........708.......411..939..85.............189...143....................301..-......=..@......-......596.........
	[951|True], [75|True], [708|True], [411|False], [939|True], [85|True], [189|False], [143|True], [301|True], [596|False], 
L.29: ......406.....................+............+.........*...*..55.974%.......................203..179.......917..399.........451...............
	[406|True], [55|False], [974|True], [203|True], [179|True], [917|True], [399|True], [451|True], 
L.30: ....................177......220...........500......111.46.........................413....*.....*................................/..........
	[177|True], [220|True], [500|True], [111|True], [46|True], [413|True], 
L.31: 500............+....../.167-....................959.............231..................=..192...........334.....781.....&..........122..151...
	[500|True], [167|True], [959|True], [231|True], [192|True], [334|True], [781|True], [122|True], [151|True], 
L.32: ...*............969..........+878..136.../........*.#.............*.&...........226......................*...*......855..296..........%.....
	[969|True], [878|True], [136|True], [226|True], [855|True], [296|True], 
L.33: ....421...611............448.........*....490..631...16........200..328........*..................51..272.....525..........*................
	[421|True], [611|True], [448|True], [490|True], [631|True], [16|True], [200|True], [328|True], [51|False], [272|True], [525|True], 
L.34: ............@........@......=.....719.....................................57..46.............................................*844.....305...
	[719|True], [57|True], [46|True], [844|True], [305|True], 
L.35: .....868..............887.....@...........-..........@........964.........*..........-859.................#...............189..........@....
	[868|True], [887|True], [964|True], [859|True], [189|True], 
L.36: .....*.......804...............132..688....420.740.868.609......*....849...70..972.........991.....799.....43......574@.....................
	[804|True], [132|True], [688|True], [420|True], [740|False], [868|True], [609|False], [849|True], [70|True], [972|False], [991|True], [799|True], [43|True], [574|True], 
L.37: 935...99.530....*......................@.........................243..*............675.345*..........#.............................@........
	[935|False], [99|True], [530|True], [243|True], [675|True], [345|True], 
L.38: ...........*.724...........645....114$....364......154.....989/......440.............=..........................275.......594......788......
	[724|True], [645|False], [114|True], [364|True], [154|False], [989|True], [440|True], [275|True], [594|True], [788|True], 
L.39: ........756................................*.....................+........................187...504............./...../......*832...........
	[756|True], [187|True], [504|True], [832|True], 
L.40: 374................*.......586.......656..239....................40.........................*....*.......334*.........580...................
	[374|True], [586|False], [656|True], [239|True], [40|True], [334|True], [580|True], 
L.41: ...*..............780..715......680...*..............490*...+715......648..........875.....735....359.......................................
	[780|True], [715|False], [680|True], [490|True], [715|False], [648|True], [875|True], [735|True], [359|True], 
L.42: 563........662...................*..260.....896.357....................#.......407*....................................520.382.59.491.......
	[563|True], [662|True], [260|True], [896|True], [357|True], [407|True], [520|True], [382|False], [59|True], [491|True], 
L.43: ......204.*....................947.........../..*..............%.........................506.../..#..269#..*...........*.........*..........
	[204|True], [947|True], [506|True], [269|True], 
L.44: .......*..150............355...................371...430.....155.107...............322....+..137.303......424..772......33..................
	[150|True], [355|True], [371|True], [430|False], [155|True], [107|True], [322|True], [137|True], [303|True], [424|True], [772|True], [33|True], 
L.45: 778...871.......*769.290*..........&..............................*................./.........................*...................743.153...
	[778|False], [871|True], [769|True], [290|True], [743|True], [153|True], 
L.46: .............140............938..763..........3...............443..510....868...579.....577/....264............572.........#........*...$...
	[140|True], [938|True], [763|True], [3|False], [443|True], [510|True], [868|True], [579|False], [577|True], [264|False], [572|True], 
L.47: ........*238...................#......417....=.......&....337..&.........#...........*.......................$.............125......153.....
	[238|True], [417|True], [337|True], [125|True], [153|True], 
L.48: .970$...........695..57..540........%..*..........930........*.............754%......156...560*305..567..78..149.974........................
	[970|True], [695|False], [57|True], [540|True], [930|True], [754|True], [156|True], [560|True], [305|True], [567|True], [78|True], [149|True], [974|True], 
L.49: ..........@...........+...*........891.531....848......105....911....................................*...*........*.....825.................
	[891|True], [531|True], [848|True], [105|True], [911|True], [825|False], 
L.50: ..........573..525..&....958.777...............*..........*...........883....=....%.........158.....530..839....803............254*688......
	[573|True], [525|True], [958|True], [777|False], [883|False], [158|True], [530|True], [839|True], [803|True], [254|True], [688|True], 
L.51: ..................*..560.............&......592.........159......743.......209.....735......*.......................237.....................
	[560|True], [592|True], [159|True], [743|True], [209|True], [735|True], [237|True], 
L.52: ................15..................54.665........858..............*....93...................438.239*825.......284.....*.....565*684........
	[15|True], [54|True], [665|True], [858|True], [93|True], [438|True], [239|True], [825|True], [284|True], [565|True], [684|True], 
L.53: ......732..............574.690..........@.....471....*....@.......157....*............692.....................*........495..................
	[732|True], [574|False], [690|True], [471|True], [157|True], [692|False], [495|True], 
L.54: ...$.*.....320..9..........@......*576..........*........196..........738.................47......%955...80...983..505...............249....
	[320|False], [9|True], [576|True], [196|True], [738|True], [47|False], [955|True], [80|True], [983|True], [505|True], [249|False], 
L.55: .468.541.........%.............134...............974..............=................424........533..........*..........*...727...............
	[468|True], [541|True], [134|True], [974|True], [424|True], [533|True], [727|True], 
L.56: ..........$.................51...............193.....824....#....170...667*107.200..*...380...+........=.302.440#....791...-.........394@...
	[51|False], [193|True], [824|False], [170|True], [667|True], [107|True], [200|True], [380|True], [302|True], [440|True], [791|True], [394|True], 
L.57: ....*....331.+662....540*............445......*..........27..742................*..972....*..........255......................762...........
	[331|True], [662|True], [540|True], [445|True], [27|False], [742|True], [972|True], [255|True], [762|True], 
L.58: ...770...........................301*....947.673.....164............../353...228.......237...................&246....431%.942*........21....
	[770|True], [301|True], [947|False], [673|True], [164|True], [353|True], [228|True], [237|True], [246|True], [431|True], [942|True], [21|False], 
L.59: ........................................................*809..79..................#178.......409...@.....263......................285.......
	[809|True], [79|True], [178|True], [409|False], [263|True], [285|True], 
L.60: 114.................233.894......998....663.....65.830..........*...457............................598......*............554.....-..........
	[114|False], [233|True], [894|True], [998|True], [663|True], [65|True], [830|True], [457|False], [598|True], [554|True], 
L.61: .......740......204....*.........*.....=..........*....655...803.......................................&....957...........*.........514.....
	[740|True], [204|False], [655|True], [803|True], [957|True], [514|True], 
L.62: ...151*...........................438.......*208..........@................644.....294..531........58...241.....&949....612...511..%........
	[151|True], [438|True], [208|True], [644|False], [294|True], [531|True], [58|True], [241|True], [949|True], [612|True], [511|True], 
L.63: ..................534@........=.......*..494........569.......#........245.....980..*......*.......*.........................-..............
	[534|True], [494|True], [569|True], [245|True], [980|True], 
L.64: ....$267.972............@......308...366...........*...../.....883....*.....-.../..784.....954.232.224.........121..................293.....
	[267|True], [972|True], [308|True], [366|True], [883|True], [784|True], [954|True], [232|True], [224|True], [121|True], [293|True], 
L.65: ..........@..........409...........................487....540......699.....756.................*.........437-.=.......@.......#......@......
	[409|True], [487|True], [540|True], [699|True], [756|True], [437|True], 
L.66: ....957.........471.........795.#514.268.....443........................................=532..217....................171.144...246..........
	[957|True], [471|True], [795|True], [514|True], [268|True], [443|False], [532|True], [217|True], [171|True], [144|True], [246|True], 
L.67: ....*....59.642...@...........=......*...694...................*..........594..308..................933.........39........=...........*.....
	[59|True], [642|True], [694|True], [594|True], [308|True], [933|True], [39|False], 
L.68: .....393..*....%.........479.......305..*...................593.789.........*.....*.......78.@211.....&.....................866......116....
	[393|True], [479|True], [305|True], [593|True], [789|True], [78|True], [211|True], [866|True], [116|True], 
L.69: .531..................%.../....911.....763..453..291.................+684..917..93....365..*.......48.........*834...545...#................
	[531|True], [911|False], [763|True], [453|True], [291|True], [684|True], [917|True], [93|True], [365|False], [48|True], [834|True], [545|True], 
L.70: ....*280....-919...365.............115.........*....=.......................................213...../......120..........*............+......
	[280|True], [919|True], [365|True], [115|True], [213|True], [120|True], 
L.71: 803.......................788........&.........764.....................*895.315........402......................824.....949....679..243.....
	[803|False], [788|True], [764|True], [895|True], [315|False], [402|True], [824|True], [949|True], [679|True], [243|True], 
L.72: ..........176.............*...............908$..................882.859...................*....586.......#404.-...=............-............
	[176|True], [908|True], [882|True], [859|True], [586|False], [404|True], 
L.73: ..366.......*..37*840.....66.........189............*....368*.....-.....391......803.....512.......478........294.....................978...
	[366|False], [37|True], [840|True], [66|False], [189|False], [368|True], [391|True], [803|True], [512|True], [478|True], [294|True], [978|False], 
L.74: ...........977.............................388....932........759........*...........*........619...*......845.....78.247........441.........
	[977|True], [388|False], [932|True], [759|True], [619|False], [845|True], [78|True], [247|True], [441|True], 
L.75: .........%.......................613....................355...........632.........................270.....*.......*.....*691.....%......$327
	[613|True], [355|True], [632|True], [270|True], [691|True], [327|True], 
L.76: .......797..........................*.........473..451.....*..846.@................474*.......@.......-....561..493.........................
	[797|True], [473|True], [451|True], [846|True], [474|True], [561|True], [493|True], 
L.77: 235.....................................880#...-...%....951.....*.490.507..............430....435.....370.............540..17.984..107......
	[235|False], [880|True], [951|True], [490|True], [507|True], [430|True], [435|True], [370|True], [540|True], [17|True], [984|True], [107|True], 
L.78: .....280..986...589.367......595.............................110........$.....325...................................+../..*...%......#......
	[280|False], [986|True], [589|True], [367|True], [595|True], [110|True], [325|True], 
L.79: ..........*...../......*........*949.......469.....#590.@......................*................912.......-.......269....818................
	[949|True], [469|False], [590|True], [912|True], [269|True], [818|True], 
L.80: ..697.................106..315........./.................366..................795....614*800......%./666...396.........................798..
	[697|True], [106|True], [315|True], [366|True], [795|True], [614|True], [800|True], [666|True], [396|True], [798|True], 
L.81: ....*.122.645....50.......*..........67..186.397.591.-.........353....201....................944............................&798......=.....
	[122|True], [645|True], [50|True], [67|True], [186|True], [397|True], [591|True], [353|True], [201|True], [944|True], [798|True], 
L.82: ..193.+....#.....*.......918...............*....*.....930.......*......*....41..388.....387...+......&.......869.505........................
	[193|True], [918|True], [930|True], [41|False], [388|True], [387|True], [869|True], [505|True], 
L.83: .........$....595............709........763.......365............649..705..........=....*......./.....32.....*.....*............609.404*....
	[595|True], [709|True], [763|True], [365|True], [649|True], [705|True], [32|True], [609|True], [404|True], 
L.84: .......540...........189.......*..442.........623*......$...............................295..524............64.....436......426*........15..
	[540|True], [189|True], [442|True], [623|True], [295|True], [524|True], [64|True], [436|True], [426|True], [15|True], 
L.85: ...........129...466.*.......513...*..................175.........824...820..........................460.......154..................962.....
	[129|False], [466|True], [513|True], [175|True], [824|True], [820|True], [460|False], [154|True], [962|True], 
L.86: .................*......306=......307......=...-...........*........*......%....$............./344./.....811....$........817..........*.....
	[306|True], [307|True], [344|True], [811|True], [817|True], 
L.87: .........$..923.118...........343........811.787.........329.......650.179....180..................648...%................=......157..656...
	[923|True], [118|True], [343|True], [811|True], [787|True], [329|True], [650|True], [179|True], [180|True], [648|True], [157|False], [656|True], 
L.88: ........186.$.........995......#.........................................*...............-.....524..........................................
	[186|True], [995|True], [524|True], 
L.89: ..................682...%.........-...+...............411................20...659.........635.....$....*768..#.......986..269...............
	[682|True], [411|True], [20|True], [659|False], [635|True], [768|True], [986|False], [269|True], 
L.90: ........=.....143.#...........@.118.769..134...........#..=....332#...........................107...140.......569............*.930&.........
	[143|True], [118|True], [769|True], [134|True], [332|True], [107|True], [140|True], [569|True], [930|True], 
L.91: ........92...$..............471...........*........485.....961..............15.............46*.............................820......838.649.
	[92|True], [471|True], [485|True], [961|True], [15|True], [46|True], [820|True], [838|True], [649|True], 
L.92: ...................353..............865....991.629....*................841...*........@....................../129........#.............*....
	[353|True], [865|True], [991|True], [629|False], [841|True], [129|True], 
L.93: ......163.716.......*....123.892....*..............#.727..611.........*......236.498.36..434..762.........................438...5...........
	[163|False], [716|False], [123|True], [892|True], [727|True], [611|True], [236|True], [498|True], [36|True], [434|True], [762|True], [438|True], [5|False], 
L.94: ...............903.688..*....../..378............662.....#.....934....1..........-.........+.*....110.88........124.....................513.
	[903|False], [688|True], [378|True], [662|True], [934|True], [1|True], [110|True], [88|True], [124|False], [513|True], 
L.95: ....550...299...........430.............*638.684...............*..........157................220.....*................751......336..647*....
	[550|True], [299|True], [430|True], [638|True], [684|False], [157|True], [220|True], [751|False], [336|True], [647|True], 
L.96: ....*...../..........................946...........873*203.337.4.............*......553..........921....553.....743...............*.........
	[946|True], [873|True], [203|True], [337|True], [4|False], [553|True], [921|True], [553|True], [743|True], 
L.97: ....975.....*76................867............103............%.....603.....588.672*...#......728..*.....%......$......877...332*...903.+850.
	[975|True], [76|True], [867|True], [103|True], [603|False], [588|True], [672|True], [728|False], [877|True], [332|True], [903|True], [850|True], 
L.98: .........542....592....992.......*.............+.....801..........................................215.................%.....................
	[542|True], [592|True], [992|True], [801|True], [215|True], 
L.99: .491...........*........*.................545.........*.....@..............33...233...782.....417..........%415.............%.........*119..
	[491|False], [545|False], [33|True], [233|True], [782|True], [417|True], [415|True], [119|True], 
L.100: .................../929..123........275.........409..494.251...............*.......*.....*830...*....709.........368......932......626......
	[929|True], [123|True], [275|True], [409|True], [494|True], [251|True], [830|True], [709|True], [368|True], [932|True], [626|True], 
L.101: ..47.837....926........................@.=864.....*.................482............972.........545..%....424......./..........990...........
	[47|False], [837|True], [926|True], [864|True], [482|True], [972|True], [545|True], [424|True], [990|True], 
L.102: ......*.......*.../354..........$................107.......377+.......-....................................*.................*....50*.......
	[354|True], [107|True], [377|True], [50|True], 
L.103: ....351....177.........801....789...871......190..................&.........-408.292.....243..884........419.@936.795.......258......227....
	[351|True], [177|True], [801|True], [789|True], [871|True], [190|True], [408|True], [292|True], [243|True], [884|False], [419|True], [936|True], [795|False], [258|True], [227|True], 
L.104: ...............323+.....*.............-..508*.........@......$396..817............*..431....*.......*678.................................288
	[323|True], [508|True], [396|True], [817|True], [431|True], [678|True], [288|False], 
L.105: ...........*........+15...../..................=....144................*510.....177.....*....403.524.....&58.735....#........519..615%......
	[15|True], [144|True], [510|True], [177|True], [403|True], [524|True], [58|True], [735|False], [519|True], [615|True], 
L.106: ........574.328..@........362..201*109..........816.................379...............84.........................312...........*.......212..
	[574|True], [328|True], [362|True], [201|True], [109|True], [816|True], [379|True], [84|True], [312|True], [212|True], 
L.107: ................411....................550.................875.#.........172.....&...................133.799..................849..274*.....
	[411|True], [550|True], [875|False], [172|False], [133|True], [799|True], [849|True], [274|True], 
L.108: .....................890*942..........*................264.....361.444........189....817..812....333...*.*..................................
	[890|True], [942|True], [264|True], [361|True], [444|True], [189|True], [817|False], [812|True], [333|False], 
L.109: ...+430...............................................*............*......490.............*..........37...160..166.............%......*.....
	[430|True], [490|True], [37|True], [160|True], [166|True], 
L.110: ........532..............743&...595...217.............260...........740......*..4..453..89..%..304.............*...+........769........793..
	[532|True], [743|True], [595|True], [217|True], [260|True], [740|True], [4|False], [453|False], [89|True], [304|True], [769|True], [793|True], 
L.111: .........+..560..702=..............*..*......270..........-.527.717........675..=..........954...=......=398..9..916..............323.......
	[560|True], [702|True], [270|True], [527|False], [717|True], [675|True], [954|True], [398|True], [9|True], [916|True], [323|True], 
L.112: ....835.......*..........%...144..959........@.........419.........*251...............................*..................360..586*.....273..
	[835|False], [144|True], [959|True], [419|True], [251|True], [360|True], [586|True], [273|True], 
L.113: ...............766.....113....*..................................#............68...............%...944.....390%...418.......%...........*...
	[766|True], [113|True], [68|False], [944|True], [390|True], [418|False], 
L.114: ...................467.......548.....922.......125...792......44..65.....263*.....26....369...688.......................757...216*637..292..
	[467|True], [548|True], [922|True], [125|True], [792|True], [44|True], [65|True], [263|True], [26|False], [369|True], [688|True], [757|True], [216|True], [637|True], [292|True], 
L.115: .....*309..347....*...................*...........*.....*.......-..................%...*.............815.571.............*..................
	[309|True], [347|False], [815|True], [571|True], 
L.116: ..786.............473...807=..164......781......959......27..........28*.........................687*.....*.............259..............939
	[786|True], [473|True], [807|True], [164|True], [781|True], [959|True], [27|True], [28|True], [687|True], [259|True], [939|False], 
L.117: ....../........................&...333........................876.....................132..............=..396.....742+.............281......
	[333|True], [876|True], [132|True], [396|True], [742|True], [281|True], 
L.118: ...210.....@............899........*......%.....873..24*167..*.....664.................%..465.........633................492.........*......
	[210|True], [899|True], [873|True], [24|True], [167|True], [664|True], [465|True], [633|True], [492|True], 
L.119: ...........639.........*........464......738......*..........766...&......396.775..151.......*375........./177..........*.....245.752.......
	[639|True], [464|True], [738|True], [766|True], [396|True], [775|True], [151|True], [375|True], [177|True], [245|False], [752|True], 
L.120: .501.................@..43.527.................415...782...................*..*....*................*537........=331..37....................
	[501|False], [43|True], [527|True], [415|True], [782|True], [537|True], [331|True], [37|False], 
L.121: .......93.........723........*....882...............@.....186&......642..150.593...414.......117.718........851.............................
	[93|True], [723|True], [882|True], [186|True], [642|True], [150|True], [593|True], [414|True], [117|True], [718|True], [851|True], 
L.122: ...#.....*..................275.....#.503...23=.................145..*........................*.......645*.....+................33.310+..603
	[275|True], [503|True], [23|True], [145|True], [645|True], [33|False], [310|True], [603|True], 
L.123: 537.........$..........#164...........&...........887.......562*......497....742............97...602......290...........................@...
	[537|True], [164|True], [887|True], [562|True], [497|True], [742|False], [97|False], [602|False], [290|True], 
L.124: ....../375...845....................................*.............510.............315*720......................./.......69*114.....968......
	[375|True], [845|True], [510|True], [315|True], [720|True], [69|True], [114|True], [968|True], 
L.125: ...................153.662........276...795........356...............&...365..................................333....................*......
	[153|True], [662|True], [276|True], [795|True], [356|True], [365|True], [333|True], 
L.126: .995.980..............*...........*....*................375.............$.......500............148...................*915........$..........
	[995|True], [980|True], [375|True], [500|True], [148|True], [915|True], 
L.127: ...*.-........32............243...258.674...........+..#........................*...531....590*...........837.408.100..........609..296.....
	[32|True], [243|True], [258|True], [674|True], [531|True], [590|True], [837|True], [408|True], [100|True], [609|True], [296|True], 
L.128: .532............*.690..734.....*...................828..........#............502...*.........................*..........&..........*........
	[532|True], [690|True], [734|True], [828|True], [502|True], 
L.129: .............215.....*...*.....800...@.......690..........79....403..785..........363...................159..........383..322*99...561...867
	[215|True], [800|True], [690|True], [79|True], [403|True], [785|True], [363|True], [159|True], [383|True], [322|True], [99|True], [561|True], [867|True], 
L.130: ...384.613...............565..........106.....&.............%..........*..215.........-.....55*758.516.....#............................#...
	[384|True], [613|True], [565|True], [106|True], [215|True], [55|True], [758|True], [516|False], 
L.131: ...../..*...986..539.425.........................682@.........719...880..*......135...119............................686.........988........
	[986|False], [539|True], [425|True], [682|True], [719|True], [880|True], [135|True], [119|True], [686|True], [988|False], 
L.132: .......373.......*.....*...508..862.................../862...*..........647......*..............638..............204...*..............808...
	[373|True], [508|True], [862|True], [862|True], [647|True], [638|True], [204|True], [808|True], 
L.133: ................284...968....@....*..........382.438$.......561................709.59..............#...509.......*......234.......235*......
	[284|True], [968|True], [382|False], [438|True], [561|True], [709|True], [59|True], [509|True], [234|True], [235|True], 
L.134: ........432.....................348...................714..........................%.....990.............*.....581..543......844............
	[432|True], [348|True], [714|True], [990|True], [581|True], [543|True], [844|False], 
L.135: ..580/.....*...............41...........384....243...*....................=...389*..........*140..-......683..........*.....................
	[580|True], [41|True], [384|True], [243|False], [389|True], [140|True], [683|True], 
L.136: ...................73.*242..+.............*........323..78........700..978........761.....%.......626...............93................@.....
	[73|True], [242|True], [323|True], [78|True], [700|True], [978|True], [761|True], [626|True], [93|True], 
L.137: .567........945....*............199..........601*.........*........*...................800..365.............982.897..................962....
	[567|False], [945|True], [199|True], [601|True], [800|True], [365|True], [982|False], [897|True], [962|True], 
L.138: .....1......*...$..468............*..............154.......626....662........606............*........337..@......*....121...707..945........
	[1|False], [468|True], [154|True], [626|True], [662|True], [606|True], [337|True], [121|True], [707|True], [945|True], 
L.139: ..........568..818.............813..424@.............*642.............2......*...589.....678....963....*.342......162...=..=........#.......
	[568|True], [818|True], [813|True], [424|True], [642|True], [2|False], [589|False], [678|True], [963|False], [342|True], [162|True], 
L.140: ......114...............81........................767......................720......................260....................................
	[114|False], [81|False], [767|True], [720|True], [260|True], 
